// Jest Snapshot v1, https://goo.gl/fbAQLP

exports[`renders features component 1`] = `
<div
  id="features"
  name="features"
>
  <section
    className="feature-area ptb-90"
    id="feature"
  >
    <div
      className="container"
    >
      <div
        className="sec-title"
      >
        <h2
          className="text-light"
        >
          Features
        </h2>
      </div>
      <div
        className="row flexbox-center"
      >
        <div
          className="col-lg-4"
        >
          <div
            className="single-feature-box text-lg-right text-center"
          >
            <ul>
              <li>
                <div
                  className="feature-box-info"
                >
                  <h4>
                    Easy to Use
                  </h4>
                </div>
                <div
                  className="feature-box-icon"
                >
                  <i
                    className="icofont icofont-brush"
                  />
                </div>
              </li>
              <li>
                <div
                  className="feature-box-info"
                >
                  <h4>
                    Responsive Design
                  </h4>
                </div>
                <div
                  className="feature-box-icon"
                >
                  <i
                    className="icofont icofont-computer"
                  />
                </div>
              </li>
              <li>
                <div
                  className="feature-box-info"
                >
                  <h4>
                    Well Documented
                  </h4>
                </div>
                <div
                  className="feature-box-icon"
                >
                  <i
                    className="icofont icofont-law-document"
                  />
                </div>
              </li>
              <li>
                <div
                  className="feature-box-info"
                >
                  <h4>
                    Light Weight
                  </h4>
                </div>
                <div
                  className="feature-box-icon"
                >
                  <i
                    className="icofont icofont-heart-beat"
                  />
                </div>
              </li>
            </ul>
          </div>
        </div>
        <div
          className="col-lg-4"
        >
          <div
            className="single-feature-box text-center jump"
          >
            <img
              alt="feature"
              src="feature.png"
            />
          </div>
        </div>
        <div
          className="col-lg-4"
        >
          <div
            className="single-feature-box text-lg-left text-center"
          >
            <ul>
              <li>
                <div
                  className="feature-box-icon"
                >
                  <i
                    className="icofont icofont-eye"
                  />
                </div>
                <div
                  className="feature-box-info"
                >
                  <h4>
                    Night Mode
                  </h4>
                </div>
              </li>
              <li>
                <div
                  className="feature-box-icon"
                >
                  <i
                    className="icofont icofont-sun-alt"
                  />
                </div>
                <div
                  className="feature-box-info"
                >
                  <h4>
                    Works Offline
                  </h4>
                </div>
              </li>
              <li>
                <div
                  className="feature-box-icon"
                >
                  <i
                    className="icofont icofont-code-alt"
                  />
                </div>
                <div
                  className="feature-box-info"
                >
                  <h4>
                    Real Time Updates
                  </h4>
                </div>
              </li>
              <li>
                <div
                  className="feature-box-icon"
                >
                  <i
                    className="icofont icofont-headphone-alt"
                  />
                </div>
                <div
                  className="feature-box-info"
                >
                  <h4>
                    Open to Feedbacks
                  </h4>
                </div>
              </li>
            </ul>
          </div>
        </div>
      </div>
    </div>
    <div
      className="copyright-area"
      style={
        Object {
          "marginBottom": "-50px",
          "marginTop": "90px",
        }
      }
    >
      <p>
        Copyright Â©
        2020
         | This web app is made with
         
        <i
          aria-hidden="true"
          className="fa fa-heart-o"
        />
         by Team-003
      </p>
    </div>
  </section>
</div>
`;
